Mark doesnt exist
Mark doesnt exist
Password must have 5 or more letters
Password must have 5 or more letters
Password must have 5 or more letters
Password must have 5 or more letters
text/txt
Subject is not allowed for that student
Subject is not allowed for that student
Subject is not allowed for that student
Subject is not allowed for that student
Teacher can not give mark to that student
Teacher can not give mark to that student
Teacher can not give mark to that student
Teacher can not give mark to that student
Teacher can not give mark to that student
Email must be unique
Name must be provided
Name must be beetwen 2 and 30 characters long. Name must be provided
Name must be provided
Email cant modify,  must be unique
Email must be provided
Email cant modify,  must be unique
Email cant modify,  must be unique
Subject is not allowed for that student
Subject is not allowed for that student
Subject is not allowed for that student
Subject is not allowed for that student
Subject is not allowed for that student
Teacher can not give mark to that student for that subject
Subject is not allowed for that student
Subject is not allowed for that student
Subject is not allowed for that student
Student doesnt exist
Subject is not allowed for that student
Subject is not allowed for that student
Subject is not allowed for that student
Subject is not allowed for that student
Subject is not allowed for that student
Subject is not allowed for that student
Subject is not allowed for that student
Subject is not allowed for that student
Subject is not allowed for that student
Subject is not allowed for that student
Teacher is not allowed to insert that mark
Teacher is not allowed to insert that mark
Subject is not allowed for that student
Subject is not allowed for that student
Subject is not allowed for that student
Subject is not allowed for that student
Teacher is not allowed to insert that mark
Subject is not allowed for that student
Subject is not allowed for that student
Subject is not allowed for that student
Teacher is not allowed to insert that mark
Teacher is not allowed to insert that mark
Teacher is not allowed to insert that mark
Teacher is not allowed to insert that mark
Teacher is not allowed to insert that mark
Teacher is not allowed to insert that mark
Teacher is not allowed to insert that mark
Subject is not allowed for that student
Subject is not allowed for that student
Subject is not allowed for that student
Subject is not allowed for that student
Email must be unique
Email must be unique
Email must be beetwen 2 and 30 characters long.
Teacher is not allowed to insert that mark
Parent not exists
Student not exists
Teacher is not allowed to insert that mark
Teacher is not allowed to insert that mark
Student not exists
Student not exists
Teacher is not allowed to insert that mark
Teacher is not allowed to insert that mark
Teacher is not allowed to insert that mark
Teacher already have that subject
Last name must be provided Passwords must be the same
username must be beetwen 5 and 20 characters long. Last name must be provided Passwords must be the same
Email is not valid. Email must be beetwen 2 and 30 characters long. Password must have 5 or more letters username must be beetwen 5 and 20 characters long. Last name must be beetwen 2 and 30 characters long. First name must be provided
Email must be beetwen 2 and 30 characters long. Email is not valid. Password must have 5 or more letters username must be beetwen 5 and 20 characters long. Last name must be beetwen 2 and 30 characters long. First name must be provided
First name must be provided Password must have 5 or more letters Email must be beetwen 2 and 30 characters long. username must be beetwen 5 and 20 characters long. Email is not valid. Last name must be beetwen 2 and 30 characters long.
Last name must be provided Passwords must be the same
Last name must be provided Passwords must be the same
First name must be provided
First name must be provided
Passwords must be the same
Email must be beetwen 2 and 30 characters long. Email is not valid. Password must have 5 or more letters username must be beetwen 5 and 20 characters long. First name must be beetwen 2 and 30 characters long. Last name must be beetwen 2 and 30 characters long.
Password must have 5 or more letters
Password must have 5 or more letters
Teacher doesn`t have that subject
Teacher doesn`t have that subject
Teacher already have that subject
Teacher already have that subject
Teacher already have that subject
First name must be beetwen 2 and 30 characters long.
Name must be beetwen 2 and 30 characters long.
